LTspice 26.0.2 for Windows
Circuit: G:\Proyectos\MicroNano\LD2_Arcila_Yactayo\act2\circuitos\nand3_cs_mitigacion_reordenamiento.cir
Start Time: Thu Sep 17 01:31:54 2026
Options:gmin=1e-15 abstol=1e-14 reltol=1e-4 method=gear
solver = Normal
Maximum thread count: 4
tnom = 27
temp = 27
method = Gear
gmin = 1e-15
abstol = 1e-14
reltol = 0.0001
Direct Newton iteration succeeded in finding operating point.
Total elapsed time: 0.373 seconds.

Files loaded:
G:\Proyectos\MicroNano\LD2_Arcila_Yactayo\act2\circuitos\nand3_cs_mitigacion_reordenamiento.cir
G:\Proyectos\MicroNano\LD2_Arcila_Yactayo\modelos\ptm45hp.lib
G:\Proyectos\MicroNano\LD2_Arcila_Yactayo\modelos\ptm45lp.lib
G:\Proyectos\MicroNano\LD2_Arcila_Yactayo\modelos\ptm130.lib

vdyn_min: V(dyn) =1.02217229474 at 3.9e-09
dv: {VDD}-Vdyn_min=-0.0221722947412
vdyn_eval_min: MIN(V(dyn) )=0.999985933304 FROM 3e-09 TO 4e-09
dv_eval_max: {VDD}-Vdyn_eval_min=1.4066696167e-05
vout_eval_max: MAX(V(out) )=0.000294241268421 FROM 3e-09 TO 4e-09
vout_end: V(out) =5.14226254956e-07 at 3.9e-09
vn1_end: V(n1) =1.56521488286e-05 at 3.9e-09
vn2_end: V(n2) =1.05028951225e-05 at 3.9e-09
vn3_end: V(n3) =5.28550171097e-06 at 3.9e-09
