LTspice 26.0.2 for Windows
Circuit: G:\Proyectos\MicroNano\LD2_Arcila_Yactayo\act2\circuitos\nand3_cs_peor_caso_fisico.cir
Start Time: Thu Sep 17 01:31:49 2026
Options:gmin=1e-15 abstol=1e-14 reltol=1e-4 method=gear
solver = Normal
Maximum thread count: 4
tnom = 27
temp = 27
method = Gear
gmin = 1e-15
abstol = 1e-14
reltol = 0.0001
Direct Newton iteration succeeded in finding operating point.
Total elapsed time: 0.478 seconds.

Files loaded:
G:\Proyectos\MicroNano\LD2_Arcila_Yactayo\act2\circuitos\nand3_cs_peor_caso_fisico.cir
G:\Proyectos\MicroNano\LD2_Arcila_Yactayo\modelos\ptm45hp.lib
G:\Proyectos\MicroNano\LD2_Arcila_Yactayo\modelos\ptm45lp.lib
G:\Proyectos\MicroNano\LD2_Arcila_Yactayo\modelos\ptm130.lib

vdyn_min: V(dyn) =0.900339695729 at 3.9e-09
dv: {VDD}-Vdyn_min=0.0996603042711
vdyn_eval_min: MIN(V(dyn) )=0.898965683095 FROM 3e-09 TO 4e-09
dv_eval_max: {VDD}-Vdyn_eval_min=0.101034316905
vout_eval_max: MAX(V(out) )=0.000149240993778 FROM 3e-09 TO 4e-09
vout_end: V(out) =2.05106731662e-05 at 3.9e-09
vn1_end: V(n1) =0.67987753121 at 3.9e-09
vn2_end: V(n2) =0.659606211898 at 3.9e-09
vn3_end: V(n3) =1.37385305559e-06 at 3.9e-09
