LTspice 26.0.2 for Windows
Circuit: G:\Proyectos\MicroNano\LD2_Arcila_Yactayo\act2\circuitos\nand3_cs_mitigacion_keeper.cir
Start Time: Thu Sep 17 01:31:56 2026
Options:gmin=1e-15 abstol=1e-14 reltol=1e-4 method=gear
solver = Normal
Maximum thread count: 4
tnom = 27
temp = 27
method = Gear
gmin = 1e-15
abstol = 1e-14
reltol = 0.0001
Direct Newton iteration failed to find operating point.
Starting Gmin stepping
Gmin stepping succeeded in finding the operating point.

Total elapsed time: 0.458 seconds.

Files loaded:
G:\Proyectos\MicroNano\LD2_Arcila_Yactayo\act2\circuitos\nand3_cs_mitigacion_keeper.cir
G:\Proyectos\MicroNano\LD2_Arcila_Yactayo\modelos\ptm45hp.lib
G:\Proyectos\MicroNano\LD2_Arcila_Yactayo\modelos\ptm45lp.lib
G:\Proyectos\MicroNano\LD2_Arcila_Yactayo\modelos\ptm130.lib

vdyn_min: V(dyn) =0.99957269696 at 3.9e-09
dv: {VDD}-Vdyn_min=0.000427303040482
vdyn_eval_min: MIN(V(dyn) )=0.957815110683 FROM 3e-09 TO 4e-09
dv_eval_max: {VDD}-Vdyn_eval_min=0.0421848893166
vout_eval_max: MAX(V(out) )=0.000384413433494 FROM 3e-09 TO 4e-09
vout_end: V(out) =2.09437463457e-06 at 3.9e-09
vn1_end: V(n1) =0.689259241231 at 3.9e-09
vn2_end: V(n2) =0.663752881409 at 3.9e-09
vn3_end: V(n3) =1.39446390601e-06 at 3.9e-09
t_rec: V(dyn)=0.99  AT 3.08030399678e-09
t_restore: t_rec-3.0n=8.03039967756e-11
