LTspice 26.0.2 for Windows
Circuit: G:\Proyectos\MicroNano\LD2_Arcila_Yactayo\act3\circuitos\dc_fugas_nmos_pdn_45hp_85C.cir
Start Time: Mon Sep 21 17:47:51 2026
Options:gmin=1e-15 abstol=1e-14 reltol=1e-4 method=gear
solver = Normal
Maximum thread count: 4
tnom = 27
temp = 85
method = Gear
gmin = 1e-15
abstol = 1e-14
reltol = 0.0001
.step vsb_val=0
.step vsb_val=0.3
.step vsb_val=0.6
Total elapsed time: 0.205 seconds.

Files loaded:
G:\Proyectos\MicroNano\LD2_Arcila_Yactayo\act3\circuitos\dc_fugas_nmos_pdn_45hp_85C.cir
G:\Proyectos\MicroNano\LD2_Arcila_Yactayo\modelos\ptm45hp.lib


Measurement: ids_vds0p05
  step	Id(M_DUT) 	at
     1	6.7889183164e-10	0.05
     2	1.1968520619e-10	0.05
     3	2.53409966622e-11	0.05

Measurement: ids_vds0p5
  step	Id(M_DUT) 	at
     1	3.43840445005e-09	0.5
     2	6.45464792726e-10	0.5
     3	1.44636191912e-10	0.5

Measurement: ids_vds1p0
  step	Id(M_DUT) 	at
     1	1.7247327122e-08	1
     2	3.48679107809e-09	1
     3	8.3422191377e-10	1

Measurement: ig_terminal
  step	Ig(M_DUT) 	at
     1	-4.16039563911e-11	1
     2	-4.16020759508e-11	1
     3	-4.15955291044e-11	1

Measurement: ib_terminal
  step	Ib(M_DUT) 	at
     1	-9.98873496394e-14	1
     2	-1.98828014599e-13	1
     3	-2.05776828953e-13	1

Measurement: is_terminal
  step	Is(M_DUT) 	at
     1	-1.72056235925e-08	1
     2	-3.44499007099e-09	1
     3	-7.92420629114e-10	1

Measurement: vd_abs
  step	V(d) 	at
     1	1	1
     2	1.29999995232	1
     3	1.60000002384	1

Measurement: vg_abs
  step	V(g) 	at
     1	0	1
     2	0.300000011921	1
     3	0.600000023842	1

Measurement: vs_abs
  step	V(s) 	at
     1	0	1
     2	0.300000011921	1
     3	0.600000023842	1

Measurement: vds_eff
  step	{V(d)-V(s)} 	at
     1	1	1
     2	0.999999940395	1
     3	1	1

Measurement: vgs_eff
  step	{V(g)-V(s)} 	at
     1	0	1
     2	0	1
     3	0	1

Measurement: vsb_eff
  step	V(s) 	at
     1	0	1
     2	0.300000011921	1
     3	0.600000023842	1
