LTspice 26.0.2 for Windows
Circuit: G:\Proyectos\MicroNano\LD2_Arcila_Yactayo\act3\circuitos\nand3_retencion_lp_sin_keeper_27C.cir
Start Time: Sun Sep 20 19:14:29 2026
Options:gmin=1e-15 abstol=1e-14 reltol=1e-4 method=gear
solver = Normal
Maximum thread count: 4
tnom = 27
temp = 27
method = Gear
gmin = 1e-15
abstol = 1e-14
reltol = 0.0001
Direct Newton iteration succeeded in finding operating point.
Total elapsed time: 0.283 seconds.

Files loaded:
G:\Proyectos\MicroNano\LD2_Arcila_Yactayo\act3\circuitos\nand3_retencion_lp_sin_keeper_27C.cir
G:\Proyectos\MicroNano\LD2_Arcila_Yactayo\modelos\ptm45hp.lib
G:\Proyectos\MicroNano\LD2_Arcila_Yactayo\modelos\ptm45lp.lib
G:\Proyectos\MicroNano\LD2_Arcila_Yactayo\modelos\ptm130.lib

vdyn_start: V(dyn) =1.13210535049 at 5.2e-10
vdyn_end_1us: V(dyn) =1.12748062611 at 1.00052e-06
vdyn_min: MIN(V(dyn) )=1.12748062611 FROM 5.2e-10 TO 1.00052e-06
Measurement "t_cross_0p9vdd" FAIL'ed
Measurement "t_cross_vdd2" FAIL'ed
Measurement "t_cross_vm" FAIL'ed
isupply_avg: AVG(-I(Vdd) )=1.38943371146e-12 FROM 1e-08 TO 1.00052e-06
ileak_pdn_avg: AVG(Is(M1) )=6.05794200446e-14 FROM 1e-08 TO 1.00052e-06
ileak_mp_avg: AVG(Id(Mp) )=1.37335408056e-14 FROM 1e-08 TO 1.00052e-06
ig_inv_n_avg: AVG(Ig(Mni) )=1.02581581359e-11 FROM 1e-08 TO 1.00052e-06
ig_inv_p_avg: AVG(Ig(Mpi) )=-5.02073329218e-13 FROM 1e-08 TO 1.00052e-06
dvd_dt: V(dyn) =-4649.16229248 at 1e-08
