LTspice 26.0.2 for Windows
Circuit: G:\Proyectos\MicroNano\LD2_Arcila_Yactayo\act3\circuitos\nand3_contencion_sens_configB.cir
Start Time: Tue Sep 22 17:08:35 2026
Options:gmin=1e-15 abstol=1e-15 reltol=1e-5 method=gear

.step wkp=3.5e-08
solver = Normal
Maximum thread count: 4
tnom = 27
temp = 85
method = Gear
gmin = 1e-15
abstol = 1e-15
reltol = 1e-05
Direct Newton iteration failed to find operating point.
Starting Gmin stepping
Gmin stepping succeeded in finding the operating point.


.step wkp=3.7e-08
Direct Newton iteration failed to find operating point.
Starting Gmin stepping
Gmin stepping succeeded in finding the operating point.


.step wkp=3.8e-08
Direct Newton iteration failed to find operating point.
Starting Gmin stepping
Gmin stepping succeeded in finding the operating point.


.step wkp=3.9e-08
Direct Newton iteration failed to find operating point.
Starting Gmin stepping
Gmin stepping succeeded in finding the operating point.

Total elapsed time: 188.899 seconds.

Files loaded:
G:\Proyectos\MicroNano\LD2_Arcila_Yactayo\act3\circuitos\nand3_contencion_sens_configB.cir
G:\Proyectos\MicroNano\LD2_Arcila_Yactayo\modelos\ptm45hp.lib
G:\Proyectos\MicroNano\LD2_Arcila_Yactayo\modelos\ptm45lp.lib
G:\Proyectos\MicroNano\LD2_Arcila_Yactayo\modelos\ptm130.lib


Measurement: tphl_dyn
  step	tphl_dyn	FROM	TO
     1	3.44946150032e-11	1.01e-09	1.044494615e-09
     2	3.47469821159e-11	1.01e-09	1.04474698212e-09
     3	3.48760559754e-11	1.01e-09	1.04487605598e-09
     4	3.50065136986e-11	1.01e-09	1.0450065137e-09

Measurement: tplh_out
  step	tplh_out	FROM	TO
     1	5.57374661023e-11	1.01e-09	1.0657374661e-09
     2	5.61542720846e-11	1.01e-09	1.06615427208e-09
     3	5.63658304774e-11	1.01e-09	1.06636583048e-09
     4	5.65798779634e-11	1.01e-09	1.06657987796e-09

Measurement: toff_kp
  step	V(out)={VDD-0.492} 
     1	1.06600545723e-09
     2	1.06642393527e-09
     3	1.0666366322e-09
     4	1.06685140485e-09
