LTspice 26.0.2 for Windows
Circuit: G:\Proyectos\MicroNano\LD2_Arcila_Yactayo\act3\circuitos\nand3_retencion_130_sin_keeper_27C.cir
Start Time: Sun Sep 20 19:20:08 2026
Options:gmin=1e-15 abstol=1e-14 reltol=1e-4 method=gear
solver = Normal
Maximum thread count: 4
tnom = 27
temp = 27
method = Gear
gmin = 1e-15
abstol = 1e-14
reltol = 0.0001
Warning: toxe, toxp and dtox all given and toxe != toxp + dtox; dtox ignored.
Direct Newton iteration succeeded in finding operating point.
Total elapsed time: 0.355 seconds.

Files loaded:
G:\Proyectos\MicroNano\LD2_Arcila_Yactayo\act3\circuitos\nand3_retencion_130_sin_keeper_27C.cir
G:\Proyectos\MicroNano\LD2_Arcila_Yactayo\modelos\ptm45hp.lib
G:\Proyectos\MicroNano\LD2_Arcila_Yactayo\modelos\ptm45lp.lib
G:\Proyectos\MicroNano\LD2_Arcila_Yactayo\modelos\ptm130.lib

vdyn_start: V(dyn) =1.38703250885 at 5.2e-10
vdyn_end_1us: V(dyn) =1.01776957512 at 1.00052e-06
vdyn_min: MIN(V(dyn) )=1.01776957512 FROM 5.2e-10 TO 1.00052e-06
t_cross_0p9vdd: V(dyn)={0.90*VDD}  AT 3.18828202059e-07
Measurement "t_cross_vdd2" FAIL'ed
Measurement "t_cross_vm" FAIL'ed
isupply_avg: AVG(-I(Vdd) )=1.18598230355e-06 FROM 1e-08 TO 1.00052e-06
ileak_pdn_avg: AVG(Is(M1) )=1.08351408117e-09 FROM 1e-08 TO 1.00052e-06
ileak_mp_avg: AVG(Id(Mp) )=-5.18620781686e-10 FROM 1e-08 TO 1.00052e-06
ig_inv_n_avg: AVG(Ig(Mni) )=4.69000180638e-10 FROM 1e-08 TO 1.00052e-06
ig_inv_p_avg: AVG(Ig(Mpi) )=-1.56016544203e-10 FROM 1e-08 TO 1.00052e-06
dvd_dt: V(dyn) =-1829981.80389 at 1e-08
