LTspice 26.0.2 for Windows
Circuit: G:\Proyectos\MicroNano\LD2_Arcila_Yactayo\act3\circuitos\nand3_retencion_wkp_22nm_85C.cir
Start Time: Mon Sep 21 17:47:46 2026
Options:gmin=1e-15 abstol=1e-14 reltol=1e-4 method=gear
solver = Normal
Maximum thread count: 4
tnom = 27
temp = 85
method = Gear
gmin = 1e-15
abstol = 1e-14
reltol = 0.0001
Direct Newton iteration succeeded in finding operating point.
Total elapsed time: 0.399 seconds.

Files loaded:
G:\Proyectos\MicroNano\LD2_Arcila_Yactayo\act3\circuitos\nand3_retencion_wkp_22nm_85C.cir
G:\Proyectos\MicroNano\LD2_Arcila_Yactayo\modelos\ptm45hp.lib
G:\Proyectos\MicroNano\LD2_Arcila_Yactayo\modelos\ptm45lp.lib
G:\Proyectos\MicroNano\LD2_Arcila_Yactayo\modelos\ptm130.lib

vdyn_start: V(dyn) =1.02335572243 at 5.2e-10
vdyn_end_1us: V(dyn) =0.999975204468 at 1.00052e-06
vdyn_min: MIN(V(dyn) )=0.999078273773 FROM 5.2e-10 TO 1.00052e-06
Measurement "t_cross_0p9vdd" FAIL'ed
isupply_avg: AVG(-I(Vdd) )=2.57998814788e-09 FROM 1e-08 TO 1.00052e-06
ileak_pdn_avg: AVG(Is(M1) )=4.68061802804e-10 FROM 1e-08 TO 1.00052e-06
ikp_inj_avg: AVG({-Id(Mk)} )=5.97344034471e-10 FROM 1e-08 TO 1.00052e-06
