LTspice 26.0.2 for Windows
Circuit: G:\Proyectos\MicroNano\LD2_Arcila_Yactayo\act3\circuitos\nand3_retencion_sin_keeper_85C.cir
Start Time: Sun Sep 20 16:57:45 2026
Options:gmin=1e-15 abstol=1e-14 reltol=1e-4 method=gear
solver = Normal
Maximum thread count: 4
tnom = 27
temp = 85
method = Gear
gmin = 1e-15
abstol = 1e-14
reltol = 0.0001
Direct Newton iteration succeeded in finding operating point.
Total elapsed time: 0.260 seconds.

Files loaded:
G:\Proyectos\MicroNano\LD2_Arcila_Yactayo\act3\circuitos\nand3_retencion_sin_keeper_85C.cir
G:\Proyectos\MicroNano\LD2_Arcila_Yactayo\modelos\ptm45hp.lib
G:\Proyectos\MicroNano\LD2_Arcila_Yactayo\modelos\ptm45lp.lib
G:\Proyectos\MicroNano\LD2_Arcila_Yactayo\modelos\ptm130.lib

vdyn_start: V(dyn) =1.02601861954 at 5.2e-10
vdyn_end_1us: V(dyn) =0.830868899822 at 1.00052e-06
vdyn_min: MIN(V(dyn) )=0.830868899822 FROM 5.2e-10 TO 1.00052e-06
t_cross_0p9vdd: V(dyn)={0.90*VDD}  AT 6.08685794956e-07
Measurement "t_cross_vdd2" FAIL'ed
Measurement "t_cross_vm" FAIL'ed
isupply_avg: AVG(-I(Vdd) )=2.17974108486e-08 FROM 1e-08 TO 1.00052e-06
ileak_pdn_avg: AVG(Is(M1) )=4.30888076152e-10 FROM 1e-08 TO 1.00052e-06
ileak_mp_avg: AVG(Id(Mp) )=-5.60805740758e-11 FROM 1e-08 TO 1.00052e-06
ig_inv_n_avg: AVG(Ig(Mni) )=6.11806699134e-13 FROM 1e-08 TO 1.00052e-06
ig_inv_p_avg: AVG(Ig(Mpi) )=4.98617153772e-11 FROM 1e-08 TO 1.00052e-06
dvd_dt: V(dyn) =-212311.74469 at 1e-08
