LTspice 26.0.2 for Windows
Circuit: G:\Proyectos\MicroNano\LD2_Arcila_Yactayo\act3\circuitos\nand3_retencion_lp_frontera_35_37_85C.cir
Start Time: Sun Sep 20 23:24:51 2026
Options:gmin=1e-15 abstol=1e-14 reltol=1e-4 method=gear

.step wkp=3.5e-08
solver = Normal
Maximum thread count: 4
tnom = 27
temp = 85
method = Gear
gmin = 1e-15
abstol = 1e-14
reltol = 0.0001
Direct Newton iteration succeeded in finding operating point.

.step wkp=3.6e-08
Direct Newton iteration succeeded in finding operating point.

.step wkp=3.7e-08
Direct Newton iteration succeeded in finding operating point.
Total elapsed time: 0.543 seconds.

Files loaded:
G:\Proyectos\MicroNano\LD2_Arcila_Yactayo\act3\circuitos\nand3_retencion_lp_frontera_35_37_85C.cir
G:\Proyectos\MicroNano\LD2_Arcila_Yactayo\modelos\ptm45hp.lib
G:\Proyectos\MicroNano\LD2_Arcila_Yactayo\modelos\ptm45lp.lib
G:\Proyectos\MicroNano\LD2_Arcila_Yactayo\modelos\ptm130.lib


Measurement: vdyn_start
  step	V(dyn) 	at
     1	1.13071644306	5.2e-10
     2	1.13062620163	5.2e-10
     3	1.13053643703	5.2e-10

Measurement: vdyn_end_1us
  step	V(dyn) 	at
     1	1.09999907017	1.00052e-06
     2	1.09999918938	1.00052e-06
     3	1.09999918938	1.00052e-06

Measurement: vdyn_min
  step	MIN(V(dyn) )	FROM	TO
     1	1.09892416	5.2e-10	1.00052e-06
     2	1.09894812107	5.2e-10	1.00052e-06
     3	1.09897315502	5.2e-10	1.00052e-06
Measurement "t_cross_0p9vdd" FAIL'ed
Measurement "t_cross_vdd2" FAIL'ed
Measurement "t_cross_vm" FAIL'ed

Measurement: isupply_avg
  step	AVG(-I(Vdd) )	FROM	TO
     1	3.28857366828e-11	1e-08	1.00052e-06
     2	3.2920218584e-11	1e-08	1.00052e-06
     3	3.29548360515e-11	1e-08	1.00052e-06

Measurement: ileak_pdn_avg
  step	AVG(Is(M1) )	FROM	TO
     1	3.80256366594e-12	1e-08	1.00052e-06
     2	3.80256424989e-12	1e-08	1.00052e-06
     3	3.80256476497e-12	1e-08	1.00052e-06

Measurement: ileak_mp_avg
  step	AVG(Id(Mp) )	FROM	TO
     1	-7.04947725358e-17	1e-08	1.00052e-06
     2	-6.74102275248e-17	1e-08	1.00052e-06
     3	-6.4605267053e-17	1e-08	1.00052e-06

Measurement: ikp_d_avg
  step	AVG(Id(Mk) )	FROM	TO
     1	-1.34156661757e-11	1e-08	1.00052e-06
     2	-1.3416481844e-11	1e-08	1.00052e-06
     3	-1.34175405798e-11	1e-08	1.00052e-06

Measurement: ikp_inj_avg
  step	{-ikp_d_avg}
     1	1.34156661757e-11
     2	1.3416481844e-11
     3	1.34175405798e-11

Measurement: ikp_s_avg
  step	AVG(Is(Mk) )	FROM	TO
     1	1.42465461458e-11	1e-08	1.00052e-06
     2	1.42805972474e-11	1e-08	1.00052e-06
     3	1.43148914371e-11	1e-08	1.00052e-06

Measurement: ig_inv_n_avg
  step	AVG(Ig(Mni) )	FROM	TO
     1	9.72245944722e-12	1e-08	1.00052e-06
     2	9.72246242373e-12	1e-08	1.00052e-06
     3	9.7224651247e-12	1e-08	1.00052e-06

Measurement: ig_inv_p_avg
  step	AVG(Ig(Mpi) )	FROM	TO
     1	-4.26137538023e-18	1e-08	1.00052e-06
     2	-3.61438778613e-18	1e-08	1.00052e-06
     3	-3.06418168728e-18	1e-08	1.00052e-06

Measurement: dvd_dt
  step	V(dyn) 	at
     1	0	1e-08
     2	0	1e-08
     3	0	1e-08
