LTspice 26.0.2 for Windows
Circuit: G:\Proyectos\MicroNano\LD2_Arcila_Yactayo\act3\circuitos\nand3_retencion_130_con_keeper_85C.cir
Start Time: Sun Sep 20 19:20:16 2026
Options:gmin=1e-15 abstol=1e-14 reltol=1e-4 method=gear

.step wkp=1.5e-08
solver = Normal
Maximum thread count: 4
tnom = 27
temp = 85
method = Gear
gmin = 1e-15
abstol = 1e-14
reltol = 0.0001
Warning: toxe, toxp and dtox all given and toxe != toxp + dtox; dtox ignored.
Direct Newton iteration succeeded in finding operating point.

.step wkp=3e-08
Direct Newton iteration failed to find operating point.
Starting Gmin stepping
Gmin stepping succeeded in finding the operating point.


.step wkp=4.5e-08
Direct Newton iteration succeeded in finding operating point.

.step wkp=6.5e-08
Direct Newton iteration succeeded in finding operating point.

.step wkp=9e-08
Direct Newton iteration failed to find operating point.
Starting Gmin stepping
Gmin stepping succeeded in finding the operating point.


.step wkp=1.3e-07
Direct Newton iteration failed to find operating point.
Starting Gmin stepping
Gmin stepping succeeded in finding the operating point.


.step wkp=1.8e-07
Direct Newton iteration succeeded in finding operating point.

.step wkp=2.6e-07
Direct Newton iteration succeeded in finding operating point.

.step wkp=3.9e-07
Direct Newton iteration succeeded in finding operating point.
Total elapsed time: 3.488 seconds.

Files loaded:
G:\Proyectos\MicroNano\LD2_Arcila_Yactayo\act3\circuitos\nand3_retencion_130_con_keeper_85C.cir
G:\Proyectos\MicroNano\LD2_Arcila_Yactayo\modelos\ptm45hp.lib
G:\Proyectos\MicroNano\LD2_Arcila_Yactayo\modelos\ptm45lp.lib
G:\Proyectos\MicroNano\LD2_Arcila_Yactayo\modelos\ptm130.lib


Measurement: vdyn_start
  step	V(dyn) 	at
     1	1.39207684994	5.2e-10
     2	1.39085316658	5.2e-10
     3	1.38865065575	5.2e-10
     4	1.38585245609	5.2e-10
     5	1.38254928589	5.2e-10
     6	1.3776652813	5.2e-10
     7	1.37217128277	5.2e-10
     8	1.36456751823	5.2e-10
     9	1.35464680195	5.2e-10

Measurement: vdyn_end_1us
  step	V(dyn) 	at
     1	1.29920196533	1.00052e-06
     2	1.2994607687	1.00052e-06
     3	1.29968643188	1.00052e-06
     4	1.29979836941	1.00052e-06
     5	1.29986047745	1.00052e-06
     6	1.29990649223	1.00052e-06
     7	1.29993379116	1.00052e-06
     8	1.2999548912	1.00052e-06
     9	1.2999702692	1.00052e-06

Measurement: vdyn_min
  step	MIN(V(dyn) )	FROM	TO
     1	1.29792261124	5.2e-10	1.00052e-06
     2	1.29805827141	5.2e-10	1.00052e-06
     3	1.29823672771	5.2e-10	1.00052e-06
     4	1.29847002029	5.2e-10	1.00052e-06
     5	1.29837369919	5.2e-10	1.00052e-06
     6	1.29849791527	5.2e-10	1.00052e-06
     7	1.29856216908	5.2e-10	1.00052e-06
     8	1.298630476	5.2e-10	1.00052e-06
     9	1.29887914658	5.2e-10	1.00052e-06
Measurement "t_cross_0p9vdd" FAIL'ed
Measurement "t_cross_vdd2" FAIL'ed
Measurement "t_cross_vm" FAIL'ed

Measurement: isupply_avg
  step	AVG(-I(Vdd) )	FROM	TO
     1	2.63444641468e-08	1e-08	1.00052e-06
     2	2.62348801136e-08	1e-08	1.00052e-06
     3	2.61398000212e-08	1e-08	1.00052e-06
     4	2.60929574645e-08	1e-08	1.00052e-06
     5	2.60671543791e-08	1e-08	1.00052e-06
     6	2.60482742942e-08	1e-08	1.00052e-06
     7	2.60373558125e-08	1e-08	1.00052e-06
     8	2.60293462177e-08	1e-08	1.00052e-06
     9	2.60242210281e-08	1e-08	1.00052e-06

Measurement: ileak_pdn_avg
  step	AVG(Is(M1) )	FROM	TO
     1	4.59767396547e-09	1e-08	1.00052e-06
     2	4.59950811982e-09	1e-08	1.00052e-06
     3	4.6011092702e-09	1e-08	1.00052e-06
     4	4.60190412816e-09	1e-08	1.00052e-06
     5	4.60234556958e-09	1e-08	1.00052e-06
     6	4.6026723644e-09	1e-08	1.00052e-06
     7	4.60286632877e-09	1e-08	1.00052e-06
     8	4.60301579999e-09	1e-08	1.00052e-06
     9	4.60312502556e-09	1e-08	1.00052e-06

Measurement: ileak_mp_avg
  step	AVG(Id(Mp) )	FROM	TO
     1	-2.58548215057e-11	1e-08	1.00052e-06
     2	-1.75078553612e-11	1e-08	1.00052e-06
     3	-1.0198075356e-11	1e-08	1.00052e-06
     4	-6.56308045173e-12	1e-08	1.00052e-06
     5	-4.54322503272e-12	1e-08	1.00052e-06
     6	-3.0452968062e-12	1e-08	1.00052e-06
     7	-2.15687955881e-12	1e-08	1.00052e-06
     8	-1.47064428713e-12	1e-08	1.00052e-06
     9	-9.69517732544e-13	1e-08	1.00052e-06

Measurement: ikp_d_avg
  step	AVG(Id(Mk) )	FROM	TO
     1	-6.24950685235e-09	1e-08	1.00052e-06
     2	-6.26256880288e-09	1e-08	1.00052e-06
     3	-6.273985605e-09	1e-08	1.00052e-06
     4	-6.27966236191e-09	1e-08	1.00052e-06
     5	-6.2828156087e-09	1e-08	1.00052e-06
     6	-6.28515293429e-09	1e-08	1.00052e-06
     7	-6.28653814569e-09	1e-08	1.00052e-06
     8	-6.28760855371e-09	1e-08	1.00052e-06
     9	-6.28838998157e-09	1e-08	1.00052e-06

Measurement: ikp_inj_avg
  step	{-ikp_d_avg}
     1	6.24950685235e-09
     2	6.26256880288e-09
     3	6.273985605e-09
     4	6.27966236191e-09
     5	6.2828156087e-09
     6	6.28515293429e-09
     7	6.28653814569e-09
     8	6.28760855371e-09
     9	6.28838998157e-09

Measurement: ikp_s_avg
  step	AVG(Is(Mk) )	FROM	TO
     1	6.2495394388e-09	1e-08	1.00052e-06
     2	6.26270172874e-09	1e-08	1.00052e-06
     3	6.27422083002e-09	1e-08	1.00052e-06
     4	6.2800340277e-09	1e-08	1.00052e-06
     5	6.28335781647e-09	1e-08	1.00052e-06
     6	6.2859680074e-09	1e-08	1.00052e-06
     7	6.28769430411e-09	1e-08	1.00052e-06
     8	6.28931044403e-09	1e-08	1.00052e-06
     9	6.29097864845e-09	1e-08	1.00052e-06

Measurement: ig_inv_n_avg
  step	AVG(Ig(Mni) )	FROM	TO
     1	1.68527850927e-09	1e-08	1.00052e-06
     2	1.68800040064e-09	1e-08	1.00052e-06
     3	1.69037712761e-09	1e-08	1.00052e-06
     4	1.6915571652e-09	1e-08	1.00052e-06
     5	1.69221229532e-09	1e-08	1.00052e-06
     6	1.69269787205e-09	1e-08	1.00052e-06
     7	1.69298570695e-09	1e-08	1.00052e-06
     8	1.69320799773e-09	1e-08	1.00052e-06
     9	1.69337030454e-09	1e-08	1.00052e-06

Measurement: ig_inv_p_avg
  step	AVG(Ig(Mpi) )	FROM	TO
     1	1.23502211705e-12	1e-08	1.00052e-06
     2	1.25556067958e-12	1e-08	1.00052e-06
     3	1.27237548525e-12	1e-08	1.00052e-06
     4	1.28089830736e-12	1e-08	1.00052e-06
     5	1.28559589789e-12	1e-08	1.00052e-06
     6	1.28906539031e-12	1e-08	1.00052e-06
     7	1.29111900475e-12	1e-08	1.00052e-06
     8	1.2927031509e-12	1e-08	1.00052e-06
     9	1.29385876379e-12	1e-08	1.00052e-06

Measurement: dvd_dt
  step	V(dyn) 	at
     1	-6556.51092529	1e-08
     2	-1549.72076416	1e-08
     3	-953.674316406	1e-08
     4	-715.255737305	1e-08
     5	-476.837158203	1e-08
     6	-357.627868652	1e-08
     7	-238.418579102	1e-08
     8	-119.209289551	1e-08
     9	-119.209289551	1e-08
