LTspice 26.0.2 for Windows
Circuit: G:\Proyectos\MicroNano\LD2_Arcila_Yactayo\act3\circuitos\nand3_retencion_frontera_35_40_85C.cir
Start Time: Tue Sep 22 17:03:25 2026
Options:gmin=1e-15 abstol=1e-14 reltol=1e-4 method=gear

.step wkp=3.5e-08
solver = Normal
Maximum thread count: 4
tnom = 27
temp = 85
method = Gear
gmin = 1e-15
abstol = 1e-14
reltol = 0.0001
Direct Newton iteration succeeded in finding operating point.

.step wkp=3.6e-08
Direct Newton iteration succeeded in finding operating point.

.step wkp=3.7e-08
Direct Newton iteration succeeded in finding operating point.

.step wkp=3.8e-08
Direct Newton iteration succeeded in finding operating point.

.step wkp=3.9e-08
Direct Newton iteration succeeded in finding operating point.

.step wkp=4e-08
Direct Newton iteration succeeded in finding operating point.
Total elapsed time: 265.721 seconds.

Files loaded:
G:\Proyectos\MicroNano\LD2_Arcila_Yactayo\act3\circuitos\nand3_retencion_frontera_35_40_85C.cir
G:\Proyectos\MicroNano\LD2_Arcila_Yactayo\modelos\ptm45hp.lib
G:\Proyectos\MicroNano\LD2_Arcila_Yactayo\modelos\ptm45lp.lib
G:\Proyectos\MicroNano\LD2_Arcila_Yactayo\modelos\ptm130.lib


Measurement: vdyn_start
  step	V(dyn) 	at
     1	1.02192270756	5.2e-10
     2	1.02178823948	5.2e-10
     3	1.02165496349	5.2e-10
     4	1.02152311802	5.2e-10
     5	1.02139258385	5.2e-10
     6	1.02126336098	5.2e-10

Measurement: vdyn_end_1us
  step	V(dyn) 	at
     1	0.999984264374	1.00052e-06
     2	0.99998486042	1.00052e-06
     3	0.999985337257	1.00052e-06
     4	0.999985814095	1.00052e-06
     5	0.999986290932	1.00052e-06
     6	0.999986708164	1.00052e-06

Measurement: vdyn_min
  step	MIN(V(dyn) )	FROM	TO
     1	0.999031245708	5.2e-10	1.00052e-06
     2	0.999037981033	5.2e-10	1.00052e-06
     3	0.999047279358	5.2e-10	1.00052e-06
     4	0.99905872345	5.2e-10	1.00052e-06
     5	0.99908208847	5.2e-10	1.00052e-06
     6	0.999106824398	5.2e-10	1.00052e-06
Measurement "t_cross_0p9vdd" FAIL'ed

Measurement: isupply_avg
  step	AVG(-I(Vdd) )	FROM	TO
     1	2.60025993223e-09	1e-08	1.00052e-06
     2	2.60182568626e-09	1e-08	1.00052e-06
     3	2.60339210301e-09	1e-08	1.00052e-06
     4	2.60496152597e-09	1e-08	1.00052e-06
     5	2.60653196926e-09	1e-08	1.00052e-06
     6	2.60810252105e-09	1e-08	1.00052e-06

Measurement: ileak_pdn_avg
  step	AVG(Is(M1) )	FROM	TO
     1	4.68065023092e-10	1e-08	1.00052e-06
     2	4.68065224012e-10	1e-08	1.00052e-06
     3	4.68065401269e-10	1e-08	1.00052e-06
     4	4.68065566974e-10	1e-08	1.00052e-06
     5	4.68065726208e-10	1e-08	1.00052e-06
     6	4.68065872714e-10	1e-08	1.00052e-06

Measurement: ikp_d_avg
  step	AVG(Id(Mk) )	FROM	TO
     1	-5.97367845638e-10	1e-08	1.00052e-06
     2	-5.97369520446e-10	1e-08	1.00052e-06
     3	-5.97370227404e-10	1e-08	1.00052e-06
     4	-5.97372017985e-10	1e-08	1.00052e-06
     5	-5.97373599096e-10	1e-08	1.00052e-06
     6	-5.97373945892e-10	1e-08	1.00052e-06

Measurement: ikp_inj_avg
  step	{-ikp_d_avg}
     1	5.97367845638e-10
     2	5.97369520446e-10
     3	5.97370227404e-10
     4	5.97372017985e-10
     5	5.97373599096e-10
     6	5.97373945892e-10
