LTspice 26.0.2 for Windows
Circuit: G:\Proyectos\MicroNano\LD2_Arcila_Yactayo\act3\circuitos\nand3_retencion_lp_con_keeper_85C.cir
Start Time: Sun Sep 20 19:14:36 2026
Options:gmin=1e-15 abstol=1e-14 reltol=1e-4 method=gear

.step wkp=1.5e-08
solver = Normal
Maximum thread count: 4
tnom = 27
temp = 85
method = Gear
gmin = 1e-15
abstol = 1e-14
reltol = 0.0001
Direct Newton iteration failed to find operating point.
Starting Gmin stepping
Gmin stepping succeeded in finding the operating point.


.step wkp=3e-08
Direct Newton iteration failed to find operating point.
Starting Gmin stepping
Gmin stepping succeeded in finding the operating point.


.step wkp=4.5e-08
Direct Newton iteration succeeded in finding operating point.

.step wkp=6e-08
Direct Newton iteration succeeded in finding operating point.

.step wkp=9e-08
Direct Newton iteration succeeded in finding operating point.

.step wkp=1.35e-07
Direct Newton iteration succeeded in finding operating point.

.step wkp=1.8e-07
Direct Newton iteration succeeded in finding operating point.
Total elapsed time: 1.809 seconds.

Files loaded:
G:\Proyectos\MicroNano\LD2_Arcila_Yactayo\act3\circuitos\nand3_retencion_lp_con_keeper_85C.cir
G:\Proyectos\MicroNano\LD2_Arcila_Yactayo\modelos\ptm45hp.lib
G:\Proyectos\MicroNano\LD2_Arcila_Yactayo\modelos\ptm45lp.lib
G:\Proyectos\MicroNano\LD2_Arcila_Yactayo\modelos\ptm130.lib


Measurement: vdyn_start
  step	V(dyn) 	at
     1	1.13192641735	5.2e-10
     2	1.1311750412	5.2e-10
     3	1.12983465195	5.2e-10
     4	1.12859046459	5.2e-10
     5	1.1263448	5.2e-10
     6	1.12347567081	5.2e-10
     7	1.12108147144	5.2e-10

Measurement: vdyn_end_1us
  step	V(dyn) 	at
     1	1.09999835491	1.00052e-06
     2	1.09999895096	1.00052e-06
     3	1.09999930859	1.00052e-06
     4	1.099999547	1.00052e-06
     5	1.09999966621	1.00052e-06
     6	1.09999978542	1.00052e-06
     7	1.09999978542	1.00052e-06

Measurement: vdyn_min
  step	MIN(V(dyn) )	FROM	TO
     1	1.09892892838	5.2e-10	1.00052e-06
     2	1.09885811806	5.2e-10	1.00052e-06
     3	1.09901666641	5.2e-10	1.00052e-06
     4	1.09899353981	5.2e-10	1.00052e-06
     5	1.09908890724	5.2e-10	1.00052e-06
     6	1.09923899174	5.2e-10	1.00052e-06
     7	1.09931910038	5.2e-10	1.00052e-06
Measurement "t_cross_0p9vdd" FAIL'ed
Measurement "t_cross_vdd2" FAIL'ed
Measurement "t_cross_vm" FAIL'ed

Measurement: isupply_avg
  step	AVG(-I(Vdd) )	FROM	TO
     1	3.22118583042e-11	1e-08	1.00052e-06
     2	3.27172539481e-11	1e-08	1.00052e-06
     3	3.32241980642e-11	1e-08	1.00052e-06
     4	3.37313640656e-11	1e-08	1.00052e-06
     5	3.47449405549e-11	1e-08	1.00052e-06
     6	3.62645817397e-11	1e-08	1.00052e-06
     7	3.77853995719e-11	1e-08	1.00052e-06

Measurement: ileak_pdn_avg
  step	AVG(Is(M1) )	FROM	TO
     1	3.80258784902e-12	1e-08	1.00052e-06
     2	3.80256082509e-12	1e-08	1.00052e-06
     3	3.80256732969e-12	1e-08	1.00052e-06
     4	3.8025687846e-12	1e-08	1.00052e-06
     5	3.80256973796e-12	1e-08	1.00052e-06
     6	3.80257031949e-12	1e-08	1.00052e-06
     7	3.80257058316e-12	1e-08	1.00052e-06

Measurement: ileak_mp_avg
  step	AVG(Id(Mp) )	FROM	TO
     1	-7.075886444e-17	1e-08	1.00052e-06
     2	-8.86578706711e-17	1e-08	1.00052e-06
     3	-4.87496273629e-17	1e-08	1.00052e-06
     4	-3.46078097059e-17	1e-08	1.00052e-06
     5	-2.2642219862e-17	1e-08	1.00052e-06
     6	-1.53183089392e-17	1e-08	1.00052e-06
     7	-1.18364830587e-17	1e-08	1.00052e-06

Measurement: ikp_d_avg
  step	AVG(Id(Mk) )	FROM	TO
     1	-1.34174981811e-11	1e-08	1.00052e-06
     2	-1.34162926323e-11	1e-08	1.00052e-06
     3	-1.34165477953e-11	1e-08	1.00052e-06
     4	-1.34167733139e-11	1e-08	1.00052e-06
     5	-1.34169806695e-11	1e-08	1.00052e-06
     6	-1.34161844849e-11	1e-08	1.00052e-06
     7	-1.34165890871e-11	1e-08	1.00052e-06

Measurement: ikp_inj_avg
  step	{-ikp_d_avg}
     1	1.34174981811e-11
     2	1.34162926323e-11
     3	1.34165477953e-11
     4	1.34167733139e-11
     5	1.34169806695e-11
     6	1.34161844849e-11
     7	1.34165890871e-11

Measurement: ikp_s_avg
  step	AVG(Is(Mk) )	FROM	TO
     1	1.35836771416e-11	1e-08	1.00052e-06
     2	1.40809957511e-11	1e-08	1.00052e-06
     3	1.45797817238e-11	1e-08	1.00052e-06
     4	1.50785364799e-11	1e-08	1.00052e-06
     5	1.60758016989e-11	1e-08	1.00052e-06
     6	1.75705920037e-11	1e-08	1.00052e-06
     7	1.90665829239e-11	1e-08	1.00052e-06

Measurement: ig_inv_n_avg
  step	AVG(Ig(Mni) )	FROM	TO
     1	9.72247810193e-12	1e-08	1.00052e-06
     2	9.72244240708e-12	1e-08	1.00052e-06
     3	9.72248008871e-12	1e-08	1.00052e-06
     4	9.72249278927e-12	1e-08	1.00052e-06
     5	9.72250338717e-12	1e-08	1.00052e-06
     6	9.72250987537e-12	1e-08	1.00052e-06
     7	9.72251299165e-12	1e-08	1.00052e-06

Measurement: ig_inv_p_avg
  step	AVG(Ig(Mpi) )	FROM	TO
     1	4.34236588381e-17	1e-08	1.00052e-06
     2	-6.81959272255e-18	1e-08	1.00052e-06
     3	-6.38630692441e-19	1e-08	1.00052e-06
     4	-6.92621318445e-20	1e-08	1.00052e-06
     5	-1.00718374058e-19	1e-08	1.00052e-06
     6	-7.36566924106e-20	1e-08	1.00052e-06
     7	-5.28374496454e-20	1e-08	1.00052e-06

Measurement: dvd_dt
  step	V(dyn) 	at
     1	238.418579102	1e-08
     2	0	1e-08
     3	0	1e-08
     4	0	1e-08
     5	0	1e-08
     6	0	1e-08
     7	0	1e-08
