LTspice 26.0.2 for Windows
Circuit: G:\Proyectos\MicroNano\LD2_Arcila_Yactayo\act3\circuitos\nand3_retencion_wkp_22nm_27C.cir
Start Time: Mon Sep 21 17:47:44 2026
Options:gmin=1e-15 abstol=1e-14 reltol=1e-4 method=gear
solver = Normal
Maximum thread count: 4
tnom = 27
temp = 27
method = Gear
gmin = 1e-15
abstol = 1e-14
reltol = 0.0001
Direct Newton iteration succeeded in finding operating point.
Total elapsed time: 0.504 seconds.

Files loaded:
G:\Proyectos\MicroNano\LD2_Arcila_Yactayo\act3\circuitos\nand3_retencion_wkp_22nm_27C.cir
G:\Proyectos\MicroNano\LD2_Arcila_Yactayo\modelos\ptm45hp.lib
G:\Proyectos\MicroNano\LD2_Arcila_Yactayo\modelos\ptm45lp.lib
G:\Proyectos\MicroNano\LD2_Arcila_Yactayo\modelos\ptm130.lib

vdyn_start: V(dyn) =1.0205026865 at 5.2e-10
vdyn_end_1us: V(dyn) =0.999994039536 at 1.00052e-06
vdyn_min: MIN(V(dyn) )=0.999132931232 FROM 5.2e-10 TO 1.00052e-06
Measurement "t_cross_0p9vdd" FAIL'ed
isupply_avg: AVG(-I(Vdd) )=8.27061316605e-10 FROM 1e-08 TO 1.00052e-06
ileak_pdn_avg: AVG(Is(M1) )=1.21922221697e-10 FROM 1e-08 TO 1.00052e-06
ikp_inj_avg: AVG({-Id(Mk)} )=2.4209052566e-10 FROM 1e-08 TO 1.00052e-06
