LTspice 26.0.2 for Windows
Circuit: G:\Proyectos\MicroNano\LD2_Arcila_Yactayo\act3\circuitos\nand3_contencion_lp_sin_keeper_85C_sensB.cir
Start Time: Sun Sep 20 23:24:53 2026
Options:gmin=1e-15 abstol=1e-15 reltol=1e-5 method=gear
solver = Normal
Maximum thread count: 4
tnom = 27
temp = 85
method = Gear
gmin = 1e-15
abstol = 1e-15
reltol = 1e-05
Direct Newton iteration succeeded in finding operating point.
Changing Tseed to 5e-17
Total elapsed time: 9.554 seconds.

Files loaded:
G:\Proyectos\MicroNano\LD2_Arcila_Yactayo\act3\circuitos\nand3_contencion_lp_sin_keeper_85C_sensB.cir
G:\Proyectos\MicroNano\LD2_Arcila_Yactayo\modelos\ptm45hp.lib
G:\Proyectos\MicroNano\LD2_Arcila_Yactayo\modelos\ptm45lp.lib
G:\Proyectos\MicroNano\LD2_Arcila_Yactayo\modelos\ptm130.lib

tphl_dyn=1.05735354344e-10 FROM 1.00999999996e-09 TO 1.1157353543e-09
tplh_out=1.83265881149e-10 FROM 1.00999999996e-09 TO 1.19326588111e-09
t_trig_clk: V(clk)={VDD/2}  AT 1.00999999996e-09
t_targ_dyn: V(dyn)={VDD/2}  AT 1.1157353543e-09
t_targ_out: V(out)={VDD/2}  AT 1.19326588111e-09
