LTspice 26.0.2 for Windows
Circuit: G:\Proyectos\MicroNano\LD2_Arcila_Yactayo\act3\circuitos\nand3_contencion_sens_configA.cir
Start Time: Tue Sep 22 17:08:29 2026
Options:gmin=1e-15 abstol=1e-14 reltol=1e-4 method=gear

.step wkp=3.5e-08
solver = Normal
Maximum thread count: 4
tnom = 27
temp = 85
method = Gear
gmin = 1e-15
abstol = 1e-14
reltol = 0.0001
Direct Newton iteration failed to find operating point.
Starting Gmin stepping
Gmin stepping succeeded in finding the operating point.


.step wkp=3.7e-08
Direct Newton iteration failed to find operating point.
Starting Gmin stepping
Gmin stepping succeeded in finding the operating point.


.step wkp=3.8e-08
Direct Newton iteration failed to find operating point.
Starting Gmin stepping
Gmin stepping succeeded in finding the operating point.


.step wkp=3.9e-08
Direct Newton iteration failed to find operating point.
Starting Gmin stepping
Gmin stepping succeeded in finding the operating point.

Total elapsed time: 3.043 seconds.

Files loaded:
G:\Proyectos\MicroNano\LD2_Arcila_Yactayo\act3\circuitos\nand3_contencion_sens_configA.cir
G:\Proyectos\MicroNano\LD2_Arcila_Yactayo\modelos\ptm45hp.lib
G:\Proyectos\MicroNano\LD2_Arcila_Yactayo\modelos\ptm45lp.lib
G:\Proyectos\MicroNano\LD2_Arcila_Yactayo\modelos\ptm130.lib


Measurement: tphl_dyn
  step	tphl_dyn	FROM	TO
     1	3.45776337757e-11	1.01e-09	1.04457763378e-09
     2	3.48309756753e-11	1.01e-09	1.04483097568e-09
     3	3.49596868414e-11	1.01e-09	1.04495968684e-09
     4	3.5089645503e-11	1.01e-09	1.0450896455e-09

Measurement: tplh_out
  step	tplh_out	FROM	TO
     1	5.58310768656e-11	1.01e-09	1.06583107687e-09
     2	5.62460520974e-11	1.01e-09	1.0662460521e-09
     3	5.64560895e-11	1.01e-09	1.0664560895e-09
     4	5.66682876231e-11	1.01e-09	1.06666828762e-09

Measurement: toff_kp
  step	V(out)={VDD-0.492} 
     1	1.06610065234e-09
     2	1.06651614851e-09
     3	1.06672719056e-09
     4	1.0669404658e-09
