LTspice 26.0.2 for Windows
Circuit: G:\Proyectos\MicroNano\LD2_Arcila_Yactayo\act3\circuitos\nand3_contencion_con_keeper_85C.cir
Start Time: Sun Sep 20 19:30:33 2026
Options:gmin=1e-15 abstol=1e-14 reltol=1e-4 method=gear

.step wkp=1.05e-08
solver = Normal
Maximum thread count: 4
tnom = 27
temp = 85
method = Gear
gmin = 1e-15
abstol = 1e-14
reltol = 0.0001
Warning: Weff = 5e-10 <= 1e-9. Recommended Weff >=1e-7
Warning: Weff for CV = 5e-10 <= 1e-9. Recommended WeffCV >= 1e-7
Warning: (B1 + Weff) may be too small.
Direct Newton iteration succeeded in finding operating point.

.step wkp=1.5e-08
Direct Newton iteration failed to find operating point.
Starting Gmin stepping
Gmin stepping succeeded in finding the operating point.


.step wkp=3e-08
Direct Newton iteration failed to find operating point.
Starting Gmin stepping
Gmin stepping succeeded in finding the operating point.


.step wkp=4.5e-08
Direct Newton iteration failed to find operating point.
Starting Gmin stepping
Gmin stepping succeeded in finding the operating point.


.step wkp=6e-08
Direct Newton iteration succeeded in finding operating point.

.step wkp=9e-08
Direct Newton iteration succeeded in finding operating point.

.step wkp=1.35e-07
Direct Newton iteration failed to find operating point.
Starting Gmin stepping
Gmin stepping succeeded in finding the operating point.


.step wkp=1.8e-07
Direct Newton iteration succeeded in finding operating point.
Total elapsed time: 7.349 seconds.

Files loaded:
G:\Proyectos\MicroNano\LD2_Arcila_Yactayo\act3\circuitos\nand3_contencion_con_keeper_85C.cir
G:\Proyectos\MicroNano\LD2_Arcila_Yactayo\modelos\ptm45hp.lib
G:\Proyectos\MicroNano\LD2_Arcila_Yactayo\modelos\ptm45lp.lib
G:\Proyectos\MicroNano\LD2_Arcila_Yactayo\modelos\ptm130.lib


Measurement: tphl_dyn
  step	tphl_dyn	FROM	TO
     1	3.2956808485e-11	1.01e-09	1.04295680848e-09
     2	3.31289831806e-11	1.01e-09	1.04312898318e-09
     3	3.39668630479e-11	1.01e-09	1.04396686305e-09
     4	3.59007957686e-11	1.01e-09	1.04590079577e-09
     5	3.82952199718e-11	1.01e-09	1.04829521997e-09
     6	4.53932879211e-11	1.01e-09	1.05539328792e-09
     7	7.34242598033e-11	1.01e-09	1.0834242598e-09
     8	failed

Measurement: tplh_out
  step	tplh_out	FROM	TO
     1	5.29646310992e-11	1.01e-09	1.0629646311e-09
     2	5.32945492859e-11	1.01e-09	1.06329454929e-09
     3	5.48302567459e-11	1.01e-09	1.06483025675e-09
     4	5.79982171581e-11	1.01e-09	1.06799821716e-09
     5	6.17555885264e-11	1.01e-09	1.07175558853e-09
     6	7.20547643349e-11	1.01e-09	1.08205476433e-09
     7	1.05578616628e-10	1.01e-09	1.11557861663e-09
     8	failed

Measurement: toff_kp
  step	V(out)={VDD-0.492} 
     1	1.06322068275e-09
     2	1.06355236889e-09
     3	1.06509484404e-09
     4	1.06827496825e-09
     5	1.07204943127e-09
     6	1.08237501986e-09
     7	1.11596498061e-09
     8	failed
