LTspice 26.0.2 for Windows
Circuit: G:\Proyectos\MicroNano\LD2_Arcila_Yactayo\act3\circuitos\nand3_retencion_con_keeper_27C.cir
Start Time: Sun Sep 20 16:57:41 2026
Options:gmin=1e-15 abstol=1e-14 reltol=1e-4 method=gear

.step wkp=1.5e-08
solver = Normal
Maximum thread count: 4
tnom = 27
temp = 27
method = Gear
gmin = 1e-15
abstol = 1e-14
reltol = 0.0001
Direct Newton iteration succeeded in finding operating point.

.step wkp=3e-08
Direct Newton iteration succeeded in finding operating point.

.step wkp=4.5e-08
Direct Newton iteration succeeded in finding operating point.

.step wkp=6e-08
Direct Newton iteration succeeded in finding operating point.

.step wkp=9e-08
Direct Newton iteration succeeded in finding operating point.

.step wkp=1.35e-07
Direct Newton iteration succeeded in finding operating point.

.step wkp=1.8e-07
Direct Newton iteration succeeded in finding operating point.
Total elapsed time: 1.193 seconds.

Files loaded:
G:\Proyectos\MicroNano\LD2_Arcila_Yactayo\act3\circuitos\nand3_retencion_con_keeper_27C.cir
G:\Proyectos\MicroNano\LD2_Arcila_Yactayo\modelos\ptm45hp.lib
G:\Proyectos\MicroNano\LD2_Arcila_Yactayo\modelos\ptm45lp.lib
G:\Proyectos\MicroNano\LD2_Arcila_Yactayo\modelos\ptm130.lib


Measurement: vdyn_start
  step	V(dyn) 	at
     1	1.02117621899	5.2e-10
     2	1.01945650578	5.2e-10
     3	1.01693820953	5.2e-10
     4	1.01490187645	5.2e-10
     5	1.01182043552	5.2e-10
     6	1.00876927376	5.2e-10
     7	1.00681173801	5.2e-10

Measurement: vdyn_end_1us
  step	V(dyn) 	at
     1	0.999992847443	1.00052e-06
     2	0.999995350838	1.00052e-06
     3	0.999997079372	1.00052e-06
     4	0.999997854233	1.00052e-06
     5	0.999998509884	1.00052e-06
     6	0.999998927116	1.00052e-06
     7	0.99999910593	1.00052e-06

Measurement: vdyn_min
  step	MIN(V(dyn) )	FROM	TO
     1	0.999075829983	5.2e-10	1.00052e-06
     2	0.999105274677	5.2e-10	1.00052e-06
     3	0.999167919159	5.2e-10	1.00052e-06
     4	0.999276459217	5.2e-10	1.00052e-06
     5	0.999307453632	5.2e-10	1.00052e-06
     6	0.999577343464	5.2e-10	1.00052e-06
     7	0.999583899975	5.2e-10	1.00052e-06
Measurement "t_cross_0p9vdd" FAIL'ed
Measurement "t_cross_vdd2" FAIL'ed
Measurement "t_cross_vm" FAIL'ed

Measurement: isupply_avg
  step	AVG(-I(Vdd) )	FROM	TO
     1	8.16530581434e-10	1e-08	1.00052e-06
     2	8.39096988386e-10	1e-08	1.00052e-06
     3	8.61673792217e-10	1e-08	1.00052e-06
     4	8.84264612178e-10	1e-08	1.00052e-06
     5	9.29456272164e-10	1e-08	1.00052e-06
     6	9.97254165195e-10	1e-08	1.00052e-06
     7	1.06505374123e-09	1e-08	1.00052e-06

Measurement: ileak_pdn_avg
  step	AVG(Is(M1) )	FROM	TO
     1	1.21921919017e-10	1e-08	1.00052e-06
     2	1.21922552575e-10	1e-08	1.00052e-06
     3	1.21922991787e-10	1e-08	1.00052e-06
     4	1.21923178114e-10	1e-08	1.00052e-06
     5	1.21923346457e-10	1e-08	1.00052e-06
     6	1.21923451004e-10	1e-08	1.00052e-06
     7	1.21923499982e-10	1e-08	1.00052e-06

Measurement: ileak_mp_avg
  step	AVG(Id(Mp) )	FROM	TO
     1	-1.24452512587e-15	1e-08	1.00052e-06
     2	-8.09290350368e-16	1e-08	1.00052e-06
     3	-5.05118187973e-16	1e-08	1.00052e-06
     4	-3.75924510823e-16	1e-08	1.00052e-06
     5	-2.58180440542e-16	1e-08	1.00052e-06
     6	-1.85027709812e-16	1e-08	1.00052e-06
     7	-1.49864818272e-16	1e-08	1.00052e-06

Measurement: ikp_d_avg
  step	AVG(Id(Mk) )	FROM	TO
     1	-2.42088836469e-10	1e-08	1.00052e-06
     2	-2.42092255354e-10	1e-08	1.00052e-06
     3	-2.42094663713e-10	1e-08	1.00052e-06
     4	-2.42095795414e-10	1e-08	1.00052e-06
     5	-2.42095905683e-10	1e-08	1.00052e-06
     6	-2.42097172056e-10	1e-08	1.00052e-06
     7	-2.42097133076e-10	1e-08	1.00052e-06

Measurement: ikp_inj_avg
  step	{-ikp_d_avg}
     1	2.42088836469e-10
     2	2.42092255354e-10
     3	2.42094663713e-10
     4	2.42095795414e-10
     5	2.42095905683e-10
     6	2.42097172056e-10
     7	2.42097133076e-10

Measurement: ikp_s_avg
  step	AVG(Is(Mk) )	FROM	TO
     1	2.49466378439e-10	1e-08	1.00052e-06
     2	2.7160247818e-10	1e-08	1.00052e-06
     3	2.93737607702e-10	1e-08	1.00052e-06
     4	3.1587145034e-10	1e-08	1.00052e-06
     5	3.60136948213e-10	1e-08	1.00052e-06
     6	4.26536206125e-10	1e-08	1.00052e-06
     7	4.92934050124e-10	1e-08	1.00052e-06

Measurement: ig_inv_n_avg
  step	AVG(Ig(Mni) )	FROM	TO
     1	3.09677039923e-11	1e-08	1.00052e-06
     2	3.09683183071e-11	1e-08	1.00052e-06
     3	3.09687480318e-11	1e-08	1.00052e-06
     4	3.09689304646e-11	1e-08	1.00052e-06
     5	3.09690964177e-11	1e-08	1.00052e-06
     6	3.09691992436e-11	1e-08	1.00052e-06
     7	3.09692481463e-11	1e-08	1.00052e-06

Measurement: ig_inv_p_avg
  step	AVG(Ig(Mpi) )	FROM	TO
     1	9.1744485279e-11	1e-08	1.00052e-06
     2	9.17453248839e-11	1e-08	1.00052e-06
     3	9.17459078409e-11	1e-08	1.00052e-06
     4	9.17461428176e-11	1e-08	1.00052e-06
     5	9.17463349365e-11	1e-08	1.00052e-06
     6	9.17464186449e-11	1e-08	1.00052e-06
     7	9.17464251311e-11	1e-08	1.00052e-06

Measurement: dvd_dt
  step	V(dyn) 	at
     1	0	1e-08
     2	0	1e-08
     3	0	1e-08
     4	0	1e-08
     5	0	1e-08
     6	0	1e-08
     7	0	1e-08
