LTspice 26.0.2 for Windows
Circuit: G:\Proyectos\MicroNano\LD2_Arcila_Yactayo\act3\circuitos\nand3_retencion_lp_con_keeper_27C.cir
Start Time: Sun Sep 20 19:14:31 2026
Options:gmin=1e-15 abstol=1e-14 reltol=1e-4 method=gear

.step wkp=1.5e-08
solver = Normal
Maximum thread count: 4
tnom = 27
temp = 27
method = Gear
gmin = 1e-15
abstol = 1e-14
reltol = 0.0001
Direct Newton iteration succeeded in finding operating point.

.step wkp=3e-08
Direct Newton iteration succeeded in finding operating point.

.step wkp=4.5e-08
Direct Newton iteration succeeded in finding operating point.

.step wkp=6e-08
Direct Newton iteration succeeded in finding operating point.

.step wkp=9e-08
Direct Newton iteration succeeded in finding operating point.

.step wkp=1.35e-07
Direct Newton iteration succeeded in finding operating point.

.step wkp=1.8e-07
Direct Newton iteration succeeded in finding operating point.
Total elapsed time: 1.391 seconds.

Files loaded:
G:\Proyectos\MicroNano\LD2_Arcila_Yactayo\act3\circuitos\nand3_retencion_lp_con_keeper_27C.cir
G:\Proyectos\MicroNano\LD2_Arcila_Yactayo\modelos\ptm45hp.lib
G:\Proyectos\MicroNano\LD2_Arcila_Yactayo\modelos\ptm45lp.lib
G:\Proyectos\MicroNano\LD2_Arcila_Yactayo\modelos\ptm130.lib


Measurement: vdyn_start
  step	V(dyn) 	at
     1	1.13002681732	5.2e-10
     2	1.1288819313	5.2e-10
     3	1.12694370747	5.2e-10
     4	1.12521147728	5.2e-10
     5	1.12223374844	5.2e-10
     6	1.11869525909	5.2e-10
     7	1.11596369743	5.2e-10

Measurement: vdyn_end_1us
  step	V(dyn) 	at
     1	1.09999930859	1.00052e-06
     2	1.099999547	1.00052e-06
     3	1.09999978542	1.00052e-06
     4	1.09999978542	1.00052e-06
     5	1.09999990463	1.00052e-06
     6	1.09999990463	1.00052e-06
     7	1.09999990463	1.00052e-06

Measurement: vdyn_min
  step	MIN(V(dyn) )	FROM	TO
     1	1.09906113148	5.2e-10	1.00052e-06
     2	1.09891724586	5.2e-10	1.00052e-06
     3	1.098965168	5.2e-10	1.00052e-06
     4	1.09913647175	5.2e-10	1.00052e-06
     5	1.09914147854	5.2e-10	1.00052e-06
     6	1.09925603867	5.2e-10	1.00052e-06
     7	1.09941732883	5.2e-10	1.00052e-06
Measurement "t_cross_0p9vdd" FAIL'ed
Measurement "t_cross_vdd2" FAIL'ed
Measurement "t_cross_vm" FAIL'ed

Measurement: isupply_avg
  step	AVG(-I(Vdd) )	FROM	TO
     1	1.23221160406e-11	1e-08	1.00052e-06
     2	1.27971908118e-11	1e-08	1.00052e-06
     3	1.32720308781e-11	1e-08	1.00052e-06
     4	1.37459101985e-11	1e-08	1.00052e-06
     5	1.46977539093e-11	1e-08	1.00052e-06
     6	1.6122338186e-11	1e-08	1.00052e-06
     7	1.75496899792e-11	1e-08	1.00052e-06

Measurement: ileak_pdn_avg
  step	AVG(Is(M1) )	FROM	TO
     1	3.52272721599e-13	1e-08	1.00052e-06
     2	3.52275588096e-13	1e-08	1.00052e-06
     3	3.52275812954e-13	1e-08	1.00052e-06
     4	3.52275813996e-13	1e-08	1.00052e-06
     5	3.52275837317e-13	1e-08	1.00052e-06
     6	3.52275850429e-13	1e-08	1.00052e-06
     7	3.52275858514e-13	1e-08	1.00052e-06

Measurement: ileak_mp_avg
  step	AVG(Id(Mp) )	FROM	TO
     1	-1.14187585508e-17	1e-08	1.00052e-06
     2	-4.40779901609e-18	1e-08	1.00052e-06
     3	-2.47933063742e-18	1e-08	1.00052e-06
     4	-1.84215611874e-18	1e-08	1.00052e-06
     5	-1.22619713048e-18	1e-08	1.00052e-06
     6	-8.47461028452e-19	1e-08	1.00052e-06
     7	-6.64522719043e-19	1e-08	1.00052e-06

Measurement: ikp_d_avg
  step	AVG(Id(Mk) )	FROM	TO
     1	-9.35079222666e-12	1e-08	1.00052e-06
     2	-9.35046614949e-12	1e-08	1.00052e-06
     3	-9.35021253003e-12	1e-08	1.00052e-06
     4	-9.34935223283e-12	1e-08	1.00052e-06
     5	-9.35055418191e-12	1e-08	1.00052e-06
     6	-9.34954407555e-12	1e-08	1.00052e-06
     7	-9.35050305448e-12	1e-08	1.00052e-06

Measurement: ikp_inj_avg
  step	{-ikp_d_avg}
     1	9.35079222666e-12
     2	9.35046614949e-12
     3	9.35021253003e-12
     4	9.34935223283e-12
     5	9.35055418191e-12
     6	9.34954407555e-12
     7	9.35050305448e-12

Measurement: ikp_s_avg
  step	AVG(Is(Mk) )	FROM	TO
     1	9.5081370606e-12	1e-08	1.00052e-06
     2	9.97984763292e-12	1e-08	1.00052e-06
     3	1.0451630365e-11	1e-08	1.00052e-06
     4	1.09228063049e-11	1e-08	1.00052e-06
     5	1.1868080675e-11	1e-08	1.00052e-06
     6	1.32831790592e-11	1e-08	1.00052e-06
     7	1.4700246395e-11	1e-08	1.00052e-06

Measurement: ig_inv_n_avg
  step	AVG(Ig(Mni) )	FROM	TO
     1	8.99943857441e-12	1e-08	1.00052e-06
     2	8.99945782601e-12	1e-08	1.00052e-06
     3	8.99946837859e-12	1e-08	1.00052e-06
     4	8.9994725457e-12	1e-08	1.00052e-06
     5	8.99947636128e-12	1e-08	1.00052e-06
     6	8.99947872746e-12	1e-08	1.00052e-06
     7	8.99947985239e-12	1e-08	1.00052e-06

Measurement: ig_inv_p_avg
  step	AVG(Ig(Mpi) )	FROM	TO
     1	-4.80720442081e-18	1e-08	1.00052e-06
     2	-1.95327308899e-19	1e-08	1.00052e-06
     3	5.4686886917e-20	1e-08	1.00052e-06
     4	4.15889087816e-21	1e-08	1.00052e-06
     5	2.14659727354e-22	1e-08	1.00052e-06
     6	-1.72564540402e-21	1e-08	1.00052e-06
     7	-4.70970912836e-22	1e-08	1.00052e-06

Measurement: dvd_dt
  step	V(dyn) 	at
     1	0	1e-08
     2	0	1e-08
     3	0	1e-08
     4	0	1e-08
     5	0	1e-08
     6	0	1e-08
     7	0	1e-08
