LTspice 26.0.2 for Windows
Circuit: G:\Proyectos\MicroNano\LD2_Arcila_Yactayo\act3\circuitos\nand3_contencion_sin_keeper_85C_sensB.cir
Start Time: Tue Sep 22 17:07:54 2026
Options:gmin=1e-15 abstol=1e-15 reltol=1e-5 method=gear
solver = Normal
Maximum thread count: 4
tnom = 27
temp = 85
method = Gear
gmin = 1e-15
abstol = 1e-15
reltol = 1e-05
Direct Newton iteration succeeded in finding operating point.
Total elapsed time: 33.978 seconds.

Files loaded:
G:\Proyectos\MicroNano\LD2_Arcila_Yactayo\act3\circuitos\nand3_contencion_sin_keeper_85C_sensB.cir
G:\Proyectos\MicroNano\LD2_Arcila_Yactayo\modelos\ptm45hp.lib
G:\Proyectos\MicroNano\LD2_Arcila_Yactayo\modelos\ptm45lp.lib
G:\Proyectos\MicroNano\LD2_Arcila_Yactayo\modelos\ptm130.lib

tphl_dyn=3.17182169648e-11 FROM 1.01e-09 TO 1.04171821696e-09
tplh_out=5.10353567219e-11 FROM 1.01e-09 TO 1.06103535672e-09
