LTspice 26.0.2 for Windows
Circuit: G:\Proyectos\MicroNano\LD2_Arcila_Yactayo\act3\circuitos\nand3_condicional_hp_retencion_pilot_85C.cir
Start Time: Mon Sep 21 00:27:22 2026
Options:gmin=1e-15 abstol=1e-14 reltol=1e-4 method=gear
solver = Normal
Maximum thread count: 4
tnom = 27
temp = 85
method = Gear
gmin = 1e-15
abstol = 1e-14
reltol = 0.0001
Direct Newton iteration succeeded in finding operating point.
Total elapsed time: 2.202 seconds.

Files loaded:
G:\Proyectos\MicroNano\LD2_Arcila_Yactayo\act3\circuitos\nand3_condicional_hp_retencion_pilot_85C.cir
G:\Proyectos\MicroNano\LD2_Arcila_Yactayo\modelos\ptm45hp.lib
G:\Proyectos\MicroNano\LD2_Arcila_Yactayo\modelos\ptm45lp.lib
G:\Proyectos\MicroNano\LD2_Arcila_Yactayo\modelos\ptm130.lib

vdyn_start: V(dyn) =1.02586889267 at 5.2e-10
vdyn_end_1us: V(dyn) =0.999975979328 at 1.00052e-06
vdyn_min: MIN(V(dyn) )=0.99923735857 FROM 5.2e-10 TO 1.00052e-06
vout_end: V(out) =8.05768559076e-06 at 1.00052e-06
vd3_end: V(d3) =8.05857325759e-06 at 1.00052e-06
vk_mid_end: V(k_mid) =0.999987483025 at 1.00052e-06
Measurement "t_cross_0p9vdd" FAIL'ed
Measurement "t_cross_vdd2" FAIL'ed
isupply_avg: AVG(-I(Vdd) )=1.22348056388e-08 FROM 1e-08 TO 1.00052e-06
irest_end: -Id(Mk_en) =6.0809485225e-10 at 1.00052e-06
ileak_pdn_end: Is(M1) =4.75700645541e-10 at 1.00052e-06
ik_mid_branch: Is(Mk_fb) =7.13907821748e-10 at 1.00052e-06
