LTspice 26.0.2 for Windows
Circuit: G:\Proyectos\MicroNano\LD2_Arcila_Yactayo\act1\circuitos\nand3_dinamica_base.cir
Start Time: Wed Sep 16 23:28:05 2026
Options:gmin=1e-15 abstol=1e-14 reltol=1e-4 method=gear
solver = Normal
Maximum thread count: 4
tnom = 27
temp = 27
method = Gear
gmin = 1e-15
abstol = 1e-14
reltol = 0.0001
Direct Newton iteration succeeded in finding operating point.
Total elapsed time: 0.398 seconds.

Files loaded:
G:\Proyectos\MicroNano\LD2_Arcila_Yactayo\act1\circuitos\nand3_dinamica_base.cir
G:\Proyectos\MicroNano\LD2_Arcila_Yactayo\modelos\ptm45hp.lib
G:\Proyectos\MicroNano\LD2_Arcila_Yactayo\modelos\ptm45lp.lib
G:\Proyectos\MicroNano\LD2_Arcila_Yactayo\modelos\ptm130.lib

tphl_dyn=2.21668997743e-11 FROM 2.00999999981e-09 TO 2.03216689959e-09
tplh_dyn=2.51313212167e-11 FROM 3.03000000017e-09 TO 3.05513132138e-09
tplh_out=3.58862621156e-11 FROM 2.00999999981e-09 TO 2.04588626193e-09
tphl_out=3.80590574223e-11 FROM 3.03000000017e-09 TO 3.06805905759e-09
tpd_eval_dyn: tpHL_dyn=2.21668997743e-11
tpd_eval_out: tpLH_out=3.58862621156e-11
pavg: AVG(-I(Vdd)*V(vdd) )=1.23927355192e-06 FROM 4e-09 TO 1.6e-08
