LTspice 26.0.2 for Windows
Circuit: G:\Proyectos\MicroNano\LD2_Arcila_Yactayo\act1\circuitos\nand3_dinamica_pdn_abierta_tclk400n.cir
Start Time: Wed Sep 16 23:28:17 2026
Options:gmin=1e-15 abstol=1e-14 reltol=1e-4 method=gear
solver = Normal
Maximum thread count: 4
tnom = 27
temp = 27
method = Gear
gmin = 1e-15
abstol = 1e-14
reltol = 0.0001
Direct Newton iteration succeeded in finding operating point.
Total elapsed time: 0.298 seconds.

Files loaded:
G:\Proyectos\MicroNano\LD2_Arcila_Yactayo\act1\circuitos\nand3_dinamica_pdn_abierta_tclk400n.cir
G:\Proyectos\MicroNano\LD2_Arcila_Yactayo\modelos\ptm45hp.lib
G:\Proyectos\MicroNano\LD2_Arcila_Yactayo\modelos\ptm45lp.lib
G:\Proyectos\MicroNano\LD2_Arcila_Yactayo\modelos\ptm130.lib

vdyn_final: V(dyn) =0.883721277817 at 1.999e-07
vdyn_min: MIN(V(dyn) )=0.883643269539 FROM 0 TO 2e-07
vdyn_drop: {VDD}-Vdyn_final=0.116278722183
vout_final: V(out) =3.79694140128e-05 at 1.999e-07
vout_max: MAX(V(out) )=0.000303607957903 FROM 0 TO 2e-07
