LTspice 26.0.2 for Windows
Circuit: G:\Proyectos\MicroNano\LD2_Arcila_Yactayo\act1\circuitos\nand3_estatica_mismo_estimulo.cir
Start Time: Wed Sep 16 23:28:08 2026
Options:gmin=1e-15 abstol=1e-14 reltol=1e-4 method=gear
solver = Normal
Maximum thread count: 4
tnom = 27
temp = 27
method = Gear
gmin = 1e-15
abstol = 1e-14
reltol = 0.0001
Direct Newton iteration succeeded in finding operating point.
Total elapsed time: 0.338 seconds.

Files loaded:
G:\Proyectos\MicroNano\LD2_Arcila_Yactayo\act1\circuitos\nand3_estatica_mismo_estimulo.cir
G:\Proyectos\MicroNano\LD2_Arcila_Yactayo\modelos\ptm45hp.lib
G:\Proyectos\MicroNano\LD2_Arcila_Yactayo\modelos\ptm45lp.lib
G:\Proyectos\MicroNano\LD2_Arcila_Yactayo\modelos\ptm130.lib

tphl_stat=9.61251944317e-12 FROM 1.11000000008e-09 TO 1.11961251952e-09
tplh_stat=1.24014219711e-11 FROM 4.92999999981e-09 TO 4.94240142178e-09
pavg_stat_sw: AVG(-I(Vdd)*V(vdd) )=2.69188324075e-07 FROM 4e-09 TO 1.6e-08
