LTspice 26.0.2 for Windows
Circuit: G:\Proyectos\MicroNano\LD2_Arcila_Yactayo\act1\circuitos\nand3_dinamica_pdn_abierta_tclk2n.cir
Start Time: Wed Sep 16 23:28:16 2026
Options:gmin=1e-15 abstol=1e-14 reltol=1e-4 method=gear
solver = Normal
Maximum thread count: 4
tnom = 27
temp = 27
method = Gear
gmin = 1e-15
abstol = 1e-14
reltol = 0.0001
Direct Newton iteration succeeded in finding operating point.
Total elapsed time: 0.369 seconds.

Files loaded:
G:\Proyectos\MicroNano\LD2_Arcila_Yactayo\act1\circuitos\nand3_dinamica_pdn_abierta_tclk2n.cir
G:\Proyectos\MicroNano\LD2_Arcila_Yactayo\modelos\ptm45hp.lib
G:\Proyectos\MicroNano\LD2_Arcila_Yactayo\modelos\ptm45lp.lib
G:\Proyectos\MicroNano\LD2_Arcila_Yactayo\modelos\ptm130.lib

vdyn_min: MIN(V(dyn) )=0.993585646152 FROM 4e-09 TO 1.6e-08
vdyn_drop: {VDD}-Vdyn_min=0.0064143538475
vout_max: MAX(V(out) )=0.000314888049616 FROM 4e-09 TO 1.6e-08
